
> my@0.1.0 build
> next build

Γû▓ Next.js 16.2.3 (Turbopack)

  Creating an optimized production build ...
node.exe : 
At C:\nvm4w\nodejs\npm.ps1:29 char:3
+   & $NODE_EXE $NPM_CLI_JS $args
+   ~~~~~~~~~~~~~~~~~~~~~~~~~~~~~
    + CategoryInfo          : NotSpecified: (:String) [], RemoteExc 
   eption
    + FullyQualifiedErrorId : NativeCommandError
 
> Build error occurred
Error: Turbopack build failed with 5 errors:
./lib/markdown.ts:1:1
Module not found: Can't resolve 'fs'
[31m[1m>[0m [90m1 |[0m [36mimport[0m fs [36mfrom[0m 
[32m'fs'[0m
  [90m  |[0m [31m[1m^^^^^^^^^^^^^^^^^^^[0m
  [90m2 |[0m [36mimport[0m path [36mfrom[0m [32m'path'[0m
  [90m3 |[0m [36mimport[0m matter [36mfrom[0m 
[32m'gray-matter'[0m
  [90m4 |[0m



Import traces:
  Client Component Browser:
    ./lib/markdown.ts [Client Component Browser]
    ./app/writeups/page.tsx [Client Component Browser]
    ./app/writeups/page.tsx [Server Component]

  Client Component SSR:
    ./lib/markdown.ts [Client Component SSR]
    ./app/writeups/page.tsx [Client Component SSR]
    ./app/writeups/page.tsx [Server Component]

  Server Component:
    ./lib/markdown.ts
    ./components/post-layout.tsx
    ./app/blog/[slug]/page.tsx

https://nextjs.org/docs/messages/module-not-found


./app/contact/page.tsx:1:1
Export Github doesn't exist in target module
[31m[1m>[0m [90m1 |[0m [36mimport[0m { [33mMail[0m, 
[33mGithub[0m, [33mLinkedin[0m, [33mMessageSquare[0m } 
[36mfrom[0m [32m"lucide-react"[0m
  [90m  |[0m [31m[1m^^^^^^^^^^^^^^^^^^^^^^^^^^^^^^^^^^^^^^^^^^^^
^^^^^^^^^^^^^^^^^^^^^^^^[0m
  [90m2 |[0m
  [90m3 |[0m [36mexport[0m [36mconst[0m metadata = {
  [90m4 |[0m   title: [32m"Contact | Ruwantha Harshamal"[0m,

The export Github was not found in module 
[project]/node_modules/lucide-react/dist/esm/lucide-react.js 
[app-rsc] (ecmascript).
Did you mean to import Gift?
All exports of the module are statically known (It doesn't have 
dynamic exports). So it's known statically that the requested 
export doesn't exist.


./components/footer.tsx:1:1
Export Github doesn't exist in target module
[31m[1m>[0m [90m1 |[0m [36mimport[0m { [33mGithub[0m, 
[33mLinkedin[0m, [33mMail[0m } [36mfrom[0m 
[32m"lucide-react"[0m
  [90m  |[0m 
[31m[1m^^^^^^^^^^^^^^^^^^^^^^^^^^^^^^^^^^^^^^^^^^^^^^^^^^^^^[0m
  [90m2 |[0m
  [90m3 |[0m [36mexport[0m [36mfunction[0m [33mFooter[0m() {
  [90m4 |[0m   [36mreturn[0m (

The export Github was not found in module 
[project]/node_modules/lucide-react/dist/esm/lucide-react.js 
[app-rsc] (ecmascript).
Did you mean to import Gift?
All exports of the module are statically known (It doesn't have 
dynamic exports). So it's known statically that the requested 
export doesn't exist.

Import trace:
  Server Component:
    ./components/footer.tsx
    ./app/layout.tsx


./app/contact/page.tsx:1:1
Export Linkedin doesn't exist in target module
[31m[1m>[0m [90m1 |[0m [36mimport[0m { [33mMail[0m, 
[33mGithub[0m, [33mLinkedin[0m, [33mMessageSquare[0m } 
[36mfrom[0m [32m"lucide-react"[0m
  [90m  |[0m [31m[1m^^^^^^^^^^^^^^^^^^^^^^^^^^^^^^^^^^^^^^^^^^^^
^^^^^^^^^^^^^^^^^^^^^^^^[0m
  [90m2 |[0m
  [90m3 |[0m [36mexport[0m [36mconst[0m metadata = {
  [90m4 |[0m   title: [32m"Contact | Ruwantha Harshamal"[0m,

The export Linkedin was not found in module 
[project]/node_modules/lucide-react/dist/esm/lucide-react.js 
[app-rsc] (ecmascript).
Did you mean to import Link?
All exports of the module are statically known (It doesn't have 
dynamic exports). So it's known statically that the requested 
export doesn't exist.


./components/footer.tsx:1:1
Export Linkedin doesn't exist in target module
[31m[1m>[0m [90m1 |[0m [36mimport[0m { [33mGithub[0m, 
[33mLinkedin[0m, [33mMail[0m } [36mfrom[0m 
[32m"lucide-react"[0m
  [90m  |[0m 
[31m[1m^^^^^^^^^^^^^^^^^^^^^^^^^^^^^^^^^^^^^^^^^^^^^^^^^^^^^[0m
  [90m2 |[0m
  [90m3 |[0m [36mexport[0m [36mfunction[0m [33mFooter[0m() {
  [90m4 |[0m   [36mreturn[0m (

The export Linkedin was not found in module 
[project]/node_modules/lucide-react/dist/esm/lucide-react.js 
[app-rsc] (ecmascript).
Did you mean to import Link?
All exports of the module are statically known (It doesn't have 
dynamic exports). So it's known statically that the requested 
export doesn't exist.

Import trace:
  Server Component:
    ./components/footer.tsx
    ./app/layout.tsx


    at <unknown> (./lib/markdown.ts:1:1)
    at <unknown> (https://nextjs.org/docs/messages/module-not-found)
    at <unknown> (./app/contact/page.tsx:1:1)
    at <unknown> (./components/footer.tsx:1:1)
    at <unknown> (./app/contact/page.tsx:1:1)
    at <unknown> (./components/footer.tsx:1:1)
Assertion failed: !(handle->flags & UV_HANDLE_CLOSING), file 
c:\ws\deps\uv\src\win\async.c, line 76
